// Jest Snapshot v1, https://goo.gl/fbAQLP

exports[`Slide should render correctly 1`] = `
ShallowWrapper {
  "length": 1,
  Symbol(enzyme.__root__): [Circular],
  Symbol(enzyme.__unrendered__): <Slide
    slide={
      Object {
        "id": "1",
        "lower": "",
        "middle": "",
        "progress": 10,
        "upper": "",
      }
    }
  />,
  Symbol(enzyme.__renderer__): Object {
    "batchedUpdates": [Function],
    "getNode": [Function],
    "render": [Function],
    "simulateEvent": [Function],
    "unmount": [Function],
  },
  Symbol(enzyme.__node__): Object {
    "instance": null,
    "key": undefined,
    "nodeType": "function",
    "props": Object {
      "children": Array [
        <li
          className="slide__container"
        >
          <p
            className="slide__content-upper"
          >
            
          </p>
          <p
            className="slide__content-middle slide__content-middle--1"
          >
            
          </p>
          <p
            className="slide__content-lower"
          >
            
          </p>
        </li>,
        <ProgressRing
          progress={10}
        />,
      ],
    },
    "ref": null,
    "rendered": Array [
      Object {
        "instance": null,
        "key": "1",
        "nodeType": "host",
        "props": Object {
          "children": Array [
            <p
              className="slide__content-upper"
            >
              
            </p>,
            <p
              className="slide__content-middle slide__content-middle--1"
            >
              
            </p>,
            <p
              className="slide__content-lower"
            >
              
            </p>,
          ],
          "className": "slide__container",
        },
        "ref": null,
        "rendered": Array [
          Object {
            "instance": null,
            "key": undefined,
            "nodeType": "host",
            "props": Object {
              "children": "",
              "className": "slide__content-upper",
            },
            "ref": null,
            "rendered": "",
            "type": "p",
          },
          Object {
            "instance": null,
            "key": undefined,
            "nodeType": "host",
            "props": Object {
              "children": "",
              "className": "slide__content-middle slide__content-middle--1",
            },
            "ref": null,
            "rendered": "",
            "type": "p",
          },
          Object {
            "instance": null,
            "key": undefined,
            "nodeType": "host",
            "props": Object {
              "children": "",
              "className": "slide__content-lower",
            },
            "ref": null,
            "rendered": "",
            "type": "p",
          },
        ],
        "type": "li",
      },
      Object {
        "instance": null,
        "key": undefined,
        "nodeType": "function",
        "props": Object {
          "progress": 10,
        },
        "ref": null,
        "rendered": null,
        "type": [Function],
      },
    ],
    "type": Symbol(react.fragment),
  },
  Symbol(enzyme.__nodes__): Array [
    Object {
      "instance": null,
      "key": undefined,
      "nodeType": "function",
      "props": Object {
        "children": Array [
          <li
            className="slide__container"
          >
            <p
              className="slide__content-upper"
            >
              
            </p>
            <p
              className="slide__content-middle slide__content-middle--1"
            >
              
            </p>
            <p
              className="slide__content-lower"
            >
              
            </p>
          </li>,
          <ProgressRing
            progress={10}
          />,
        ],
      },
      "ref": null,
      "rendered": Array [
        Object {
          "instance": null,
          "key": "1",
          "nodeType": "host",
          "props": Object {
            "children": Array [
              <p
                className="slide__content-upper"
              >
                
              </p>,
              <p
                className="slide__content-middle slide__content-middle--1"
              >
                
              </p>,
              <p
                className="slide__content-lower"
              >
                
              </p>,
            ],
            "className": "slide__container",
          },
          "ref": null,
          "rendered": Array [
            Object {
              "instance": null,
              "key": undefined,
              "nodeType": "host",
              "props": Object {
                "children": "",
                "className": "slide__content-upper",
              },
              "ref": null,
              "rendered": "",
              "type": "p",
            },
            Object {
              "instance": null,
              "key": undefined,
              "nodeType": "host",
              "props": Object {
                "children": "",
                "className": "slide__content-middle slide__content-middle--1",
              },
              "ref": null,
              "rendered": "",
              "type": "p",
            },
            Object {
              "instance": null,
              "key": undefined,
              "nodeType": "host",
              "props": Object {
                "children": "",
                "className": "slide__content-lower",
              },
              "ref": null,
              "rendered": "",
              "type": "p",
            },
          ],
          "type": "li",
        },
        Object {
          "instance": null,
          "key": undefined,
          "nodeType": "function",
          "props": Object {
            "progress": 10,
          },
          "ref": null,
          "rendered": null,
          "type": [Function],
        },
      ],
      "type": Symbol(react.fragment),
    },
  ],
  Symbol(enzyme.__options__): Object {
    "adapter": ReactSixteenAdapter {
      "options": Object {
        "enableComponentDidUpdateOnSetState": true,
      },
    },
  },
}
`;
