// Jest Snapshot v1, https://goo.gl/fbAQLP

exports[`SlideSelector should render correctly 1`] = `
ShallowWrapper {
  "length": 1,
  Symbol(enzyme.__root__): [Circular],
  Symbol(enzyme.__unrendered__): <SlideSelector
    currentSlide={0}
    numberOfSlides={2}
    setSlide={[MockFunction]}
  />,
  Symbol(enzyme.__renderer__): Object {
    "batchedUpdates": [Function],
    "getNode": [Function],
    "render": [Function],
    "simulateEvent": [Function],
    "unmount": [Function],
  },
  Symbol(enzyme.__node__): Object {
    "instance": null,
    "key": undefined,
    "nodeType": "host",
    "props": Object {
      "children": Array [
        <li
          className="slide-selector__item slide-selector__item-active"
          onClick={[Function]}
        />,
        <li
          className="slide-selector__item "
          onClick={[Function]}
        />,
      ],
      "className": "slide-selector__container",
    },
    "ref": null,
    "rendered": Array [
      Object {
        "instance": null,
        "key": "0",
        "nodeType": "host",
        "props": Object {
          "className": "slide-selector__item slide-selector__item-active",
          "onClick": [Function],
        },
        "ref": null,
        "rendered": null,
        "type": "li",
      },
      Object {
        "instance": null,
        "key": "1",
        "nodeType": "host",
        "props": Object {
          "className": "slide-selector__item ",
          "onClick": [Function],
        },
        "ref": null,
        "rendered": null,
        "type": "li",
      },
    ],
    "type": "ul",
  },
  Symbol(enzyme.__nodes__): Array [
    Object {
      "instance": null,
      "key": undefined,
      "nodeType": "host",
      "props": Object {
        "children": Array [
          <li
            className="slide-selector__item slide-selector__item-active"
            onClick={[Function]}
          />,
          <li
            className="slide-selector__item "
            onClick={[Function]}
          />,
        ],
        "className": "slide-selector__container",
      },
      "ref": null,
      "rendered": Array [
        Object {
          "instance": null,
          "key": "0",
          "nodeType": "host",
          "props": Object {
            "className": "slide-selector__item slide-selector__item-active",
            "onClick": [Function],
          },
          "ref": null,
          "rendered": null,
          "type": "li",
        },
        Object {
          "instance": null,
          "key": "1",
          "nodeType": "host",
          "props": Object {
            "className": "slide-selector__item ",
            "onClick": [Function],
          },
          "ref": null,
          "rendered": null,
          "type": "li",
        },
      ],
      "type": "ul",
    },
  ],
  Symbol(enzyme.__options__): Object {
    "adapter": ReactSixteenAdapter {
      "options": Object {
        "enableComponentDidUpdateOnSetState": true,
      },
    },
  },
}
`;
